Last login: Tue Feb  4 00:57:52 on ttys000
/Users/Gerardo/.zprofile:2: no such file or directory: /opt/homebrew/bin/brew
Gerardo@192 ~ % nano ~/.zshrc
Gerardo@192 ~ % ls -l ~/.zshrc
-rw-r--r--  1 root  staff  446 Apr 23  2024 /Users/Gerardo/.zshrc
Gerardo@192 ~ % chmod u+w ~/.zshrc
Gerardo@192 ~ % ~/.zshrc
zsh: permission denied: /Users/Gerardo/.zshrc
Gerardo@192 ~ % open .zshrc  
Gerardo@192 ~ % open .zshrc
Gerardo@192 ~ % open .zshrc
Gerardo@192 ~ % source .zshrc
Gerardo@192 ~ % open .zshrc  
Gerardo@192 ~ % open .zshrc
Gerardo@192 ~ % ls -l ~/.zshrc
-rw-r--r--  1 root  staff  446 Apr 23  2024 /Users/Gerardo/.zshrc
Gerardo@192 ~ % chmod u+w ~/.zshrc
Gerardo@192 ~ % open .zshrc       
Gerardo@192 ~ % sudo code ~/.zshrc
Password:
Sorry, try again.
Password:
sudo: code: command not found
Gerardo@192 ~ % sudo code ~/.zshrc
sudo: code: command not found
Gerardo@192 ~ % sudo chown $USER ~/.zshrc
Gerardo@192 ~ % conda --version
zsh: command not found: conda
Gerardo@192 ~ % sudo chown $USER:staff ~/.zshrc
sudo chmod u+w ~/.zshrc
zsh: bad substitution
Gerardo@192 ~ % sudo chown $USER:staff ~/.zshrc
sudo chmod u+w ~/.zshrc
zsh: bad substitution
Gerardo@192 ~ % sudo chown $USER:staff ~/.zshrc
sudo chmod u+w ~/.zshrc
zsh: bad substitution
Gerardo@192 ~ % echo $SHELL
/bin/zsh
Gerardo@192 ~ % sudo chown $(whoami):staff ~/.zshrc
sudo chmod u+w ~/.zshrc
Gerardo@192 ~ % echo $USER
Gerardo
Gerardo@192 ~ % mv ~/.zshrc ~/.zshrc_backup
touch ~/.zshrc
Gerardo@192 ~ % open .zshrc             
Gerardo@192 ~ % source ~/.zshrc
Gerardo@192 ~ % mysql --version
mysql  Ver 9.1.0 for macos14 on arm64 (MySQL Community Server - GPL)
Gerardo@192 ~ % mysql -u root -p
Enter password: 
Welcome to the MySQL monitor.  Commands end with ; or \g.
Your MySQL connection id is 10
Server version: 9.1.0 MySQL Community Server - GPL

Copyright (c) 2000, 2024, Oracle and/or its affiliates.

Oracle is a registered trademark of Oracle Corporation and/or its
affiliates. Other names may be trademarks of their respective
owners.

Type 'help;' or '\h' for help. Type '\c' to clear the current input statement.

mysql> sql
    -> \sql
--------------
mysql  Ver 9.1.0 for macos14 on arm64 (MySQL Community Server - GPL)

Connection id:		10
Current database:	
Current user:		root@localhost
SSL:			Not in use
Current pager:		stdout
Using outfile:		''
Using delimiter:	;
Server version:		9.1.0 MySQL Community Server - GPL
Protocol version:	10
Connection:		Localhost via UNIX socket
Server characterset:	utf8mb4
Db     characterset:	utf8mb4
Client characterset:	utf8mb4
Conn.  characterset:	utf8mb4
UNIX socket:		/tmp/mysql.sock
Binary data as:		Hexadecimal
Uptime:			13 hours 9 min 19 sec

Threads: 2  Questions: 8  Slow queries: 0  Opens: 117  Flush tables: 3  Open tables: 38  Queries per second avg: 0.000
--------------

    -> \connect -mc root@localhost
    -> \connect --mc root@localhost
    -> 
    -> ;
ERROR 1064 (42000): You have an error in your SQL syntax; check the manual that corresponds to your MySQL server version for the right syntax to use near 'onnect --mc root@localhost' at line 1
mysql> \connect --mc root@localhost
    -> ;
ERROR 1064 (42000): You have an error in your SQL syntax; check the manual that corresponds to your MySQL server version for the right syntax to use near 'onnect --mc root@localhost' at line 1
mysql> \connect --mc root@localhost;
ERROR 1064 (42000): You have an error in your SQL syntax; check the manual that corresponds to your MySQL server version for the right syntax to use near 'onnect --mc root@localhost' at line 1
mysql> \connect --mc root@localhost;
ERROR 1064 (42000): You have an error in your SQL syntax; check the manual that corresponds to your MySQL server version for the right syntax to use near 'onnect --mc root@localhost' at line 1
mysql> \connect --mc root@localhost
    -> show database;
ERROR 1064 (42000): You have an error in your SQL syntax; check the manual that corresponds to your MySQL server version for the right syntax to use near 'onnect --mc root@localhost
show database' at line 1
mysql> show databases;
+--------------------+
| Database           |
+--------------------+
| information_schema |
| mysql              |
| performance_schema |
| sys                |
+--------------------+
4 rows in set (0.06 sec)

mysql> use mysql;
Reading table information for completion of table and column names
You can turn off this feature to get a quicker startup with -A

Database changed
mysql> show tables;
+------------------------------------------------------+
| Tables_in_mysql                                      |
+------------------------------------------------------+
| columns_priv                                         |
| component                                            |
| db                                                   |
| default_roles                                        |
| engine_cost                                          |
| func                                                 |
| general_log                                          |
| global_grants                                        |
| gtid_executed                                        |
| help_category                                        |
| help_keyword                                         |
| help_relation                                        |
| help_topic                                           |
| innodb_index_stats                                   |
| innodb_table_stats                                   |
| ndb_binlog_index                                     |
| password_history                                     |
| plugin                                               |
| procs_priv                                           |
| proxies_priv                                         |
| replication_asynchronous_connection_failover         |
| replication_asynchronous_connection_failover_managed |
| replication_group_configuration_version              |
| replication_group_member_actions                     |
| role_edges                                           |
| server_cost                                          |
| servers                                              |
| slave_master_info                                    |
| slave_relay_log_info                                 |
| slave_worker_info                                    |
| slow_log                                             |
| tables_priv                                          |
| time_zone                                            |
| time_zone_leap_second                                |
| time_zone_name                                       |
| time_zone_transition                                 |
| time_zone_transition_type                            |
| user                                                 |
+------------------------------------------------------+
38 rows in set (0.00 sec)

mysql> use sikala;
ERROR 1049 (42000): Unknown database 'sikala'
mysql> use sys;
Reading table information for completion of table and column names
You can turn off this feature to get a quicker startup with -A

Database changed
mysql> show tables;
+-----------------------------------------------+
| Tables_in_sys                                 |
+-----------------------------------------------+
| host_summary                                  |
| host_summary_by_file_io                       |
| host_summary_by_file_io_type                  |
| host_summary_by_stages                        |
| host_summary_by_statement_latency             |
| host_summary_by_statement_type                |
| innodb_buffer_stats_by_schema                 |
| innodb_buffer_stats_by_table                  |
| innodb_lock_waits                             |
| io_by_thread_by_latency                       |
| io_global_by_file_by_bytes                    |
| io_global_by_file_by_latency                  |
| io_global_by_wait_by_bytes                    |
| io_global_by_wait_by_latency                  |
| latest_file_io                                |
| memory_by_host_by_current_bytes               |
| memory_by_thread_by_current_bytes             |
| memory_by_user_by_current_bytes               |
| memory_global_by_current_bytes                |
| memory_global_total                           |
| metrics                                       |
| processlist                                   |
| ps_check_lost_instrumentation                 |
| schema_auto_increment_columns                 |
| schema_index_statistics                       |
| schema_object_overview                        |
| schema_redundant_indexes                      |
| schema_table_lock_waits                       |
| schema_table_statistics                       |
| schema_table_statistics_with_buffer           |
| schema_tables_with_full_table_scans           |
| schema_unused_indexes                         |
| session                                       |
| session_ssl_status                            |
| statement_analysis                            |
| statements_with_errors_or_warnings            |
| statements_with_full_table_scans              |
| statements_with_runtimes_in_95th_percentile   |
| statements_with_sorting                       |
| statements_with_temp_tables                   |
| sys_config                                    |
| user_summary                                  |
| user_summary_by_file_io                       |
| user_summary_by_file_io_type                  |
| user_summary_by_stages                        |
| user_summary_by_statement_latency             |
| user_summary_by_statement_type                |
| version                                       |
| wait_classes_global_by_avg_latency            |
| wait_classes_global_by_latency                |
| waits_by_host_by_latency                      |
| waits_by_user_by_latency                      |
| waits_global_by_latency                       |
| x$host_summary                                |
| x$host_summary_by_file_io                     |
| x$host_summary_by_file_io_type                |
| x$host_summary_by_stages                      |
| x$host_summary_by_statement_latency           |
| x$host_summary_by_statement_type              |
| x$innodb_buffer_stats_by_schema               |
| x$innodb_buffer_stats_by_table                |
| x$innodb_lock_waits                           |
| x$io_by_thread_by_latency                     |
| x$io_global_by_file_by_bytes                  |
| x$io_global_by_file_by_latency                |
| x$io_global_by_wait_by_bytes                  |
| x$io_global_by_wait_by_latency                |
| x$latest_file_io                              |
| x$memory_by_host_by_current_bytes             |
| x$memory_by_thread_by_current_bytes           |
| x$memory_by_user_by_current_bytes             |
| x$memory_global_by_current_bytes              |
| x$memory_global_total                         |
| x$processlist                                 |
| x$ps_digest_95th_percentile_by_avg_us         |
| x$ps_digest_avg_latency_distribution          |
| x$ps_schema_table_statistics_io               |
| x$schema_flattened_keys                       |
| x$schema_index_statistics                     |
| x$schema_table_lock_waits                     |
| x$schema_table_statistics                     |
| x$schema_table_statistics_with_buffer         |
| x$schema_tables_with_full_table_scans         |
| x$session                                     |
| x$statement_analysis                          |
| x$statements_with_errors_or_warnings          |
| x$statements_with_full_table_scans            |
| x$statements_with_runtimes_in_95th_percentile |
| x$statements_with_sorting                     |
| x$statements_with_temp_tables                 |
| x$user_summary                                |
| x$user_summary_by_file_io                     |
| x$user_summary_by_file_io_type                |
| x$user_summary_by_stages                      |
| x$user_summary_by_statement_latency           |
| x$user_summary_by_statement_type              |
| x$wait_classes_global_by_avg_latency          |
| x$wait_classes_global_by_latency              |
| x$waits_by_host_by_latency                    |
| x$waits_by_user_by_latency                    |
| x$waits_global_by_latency                     |
+-----------------------------------------------+
101 rows in set (0.00 sec)

